=== PoC-14 AFM input segmenter (fresh session per item, greedy) ===
pid=5988 run=C prompt=v2
availability: available
items: 40
[01] A01   1725ms segs=1 multi=n ctx=n | fast_path_query
       > whats my aws spend this month
[02] A02   1312ms segs=1 multi=n ctx=n | command
       > /status extra text about the deploy im worried about
[03] A03   1218ms segs=1 multi=n ctx=n | fast_path_query
       > did the backup run last night
[04] A04   1347ms segs=1 multi=n ctx=n | reminder_or_schedule
       > remind me to take the trash out at 7
[05] A05   1261ms segs=1 multi=n ctx=n | capture_note
       > note: garage code is 4417
[06] A06   1239ms segs=1 multi=n ctx=n | command
       > /deploy staging
[07] A07   1265ms segs=1 multi=n ctx=n | fast_path_query
       > hows the weather lookin tomorrow
[08] A08   1257ms segs=1 multi=n ctx=n | task_request
       > add milk to the grocery list
[09] B01   1526ms segs=2 multi=Y ctx=n | task_request | task_request
       > plan the trip to portland:
       > flights, hotel, and a dinner spot
[10] B02   2113ms segs=3 multi=Y ctx=Y | conversation | task_request* | conversation
       > ive been going back and forth on whether to renew the office lease
       > the rent went up 12 percent but moving would cost us basically a month of downtime and the team really likes the location
       > what would you do
[11] B03   1984ms segs=4 multi=Y ctx=n | task_request | task_request* | task_request* | task_request*
       > set up the new laptop the way i like it
       > dotfiles
       > homebrew
       > and the ssh keys
[12] B04   1701ms segs=2 multi=Y ctx=Y | conversation* | task_request*
       > i think the reason the deploy keeps failing is that the migration runs before the config reload, but im not certain about that
       > can you look at it
[13] B05   1994ms segs=4 multi=n ctx=n | task_request | task_request* | task_request* | task_request*
       > write up the quarterly summary
       > pulling from the metrics doc
       > the support tickets
       > and whatevers in the retro notes
[14] B06   2040ms segs=3 multi=Y ctx=n | conversation | conversation | conversation
       > honestly not sure if i should take the contract
       > the money is good but its six months of my life
       > i already have two clients who might churn if i go quiet for that long
[15] B07   1763ms segs=3 multi=Y ctx=n | task_request | fast_path_query* | fast_path_query*
       > book a table for four somewhere nice friday night
       > italian or french
       > walkable from the office
[16] B08   1654ms segs=2 multi=Y ctx=n | fast_path_query | fast_path_query
       > whats the difference between the standard and the enterprise tier on our billing
       > does that change if we prepay annually
[17] C01   1645ms segs=2 multi=Y ctx=n | fast_path_query | task_request*
       > whats my aws spend this month
       > also remind me to cancel the old s3 bucket friday
[18] C02   1512ms segs=2 multi=Y ctx=n | conversation | fast_path_query*
       > note that the wifi password is hunter2seven
       > check if the backup ran
[19] C03   1891ms segs=3 multi=Y ctx=n | task_request | fast_path_query | capture_note
       > add dentist tuesday at 3 to my calendar
       > whats the traffic like to downtown around then
       > oh and remind me to bring the insurance card
[20] C04   1609ms segs=2 multi=Y ctx=n | command | fast_path_query*
       > /status
       > and also tell me how many open PRs i have
[21] C05   1658ms segs=2 multi=Y ctx=n | reminder_or_schedule | capture_note*
       > remind me to call the bank tomorrow
       > and write down that the account number ends in 8812
[22] C06   1674ms segs=2 multi=Y ctx=n | fast_path_query | task_request*
       > how much did i spend on groceries last month
       > can you draft a note to the landlord about the leaky faucet
[23] C07   1611ms segs=2 multi=Y ctx=n | task_request | fast_path_query
       > put the standup on my calendar for 9am daily
       > also what time is sunset today
[24] C08   2036ms segs=3 multi=Y ctx=n | capture_note | reminder_or_schedule* | fast_path_query*
       > jot down that marks new number is 555 0132
       > remind me to send him the invoice monday
       > whats on my calendar thursday
[25] C09   1654ms segs=2 multi=Y ctx=n | command | fast_path_query
       > run the test suite
       > also i need a summary of what changed in the last release
[26] C10   1567ms segs=2 multi=Y ctx=n | fast_path_query | task_request*
       > did the nightly job finish
       > separately can you add renew domain to my todo list
[27] D01   1511ms segs=2 multi=Y ctx=n | task_request | task_request
       > book the thai place for friday
       > let sarah know
[28] D02   1535ms segs=2 multi=Y ctx=n | task_request | reminder_or_schedule*
       > add the plumber visit to the calendar
       > remind me the day before
[29] D03   1508ms segs=2 multi=Y ctx=n | task_request | task_request
       > order a new keyboard
       > put it on the office expense report
[30] D04   1488ms segs=2 multi=Y ctx=n | command | command
       > cancel my 2pm
       > and tell the team why
[31] D05   1530ms segs=2 multi=Y ctx=n | task_request | task_request
       > find a hotel near the venue
       > forward the confirmation to my wife
[32] D06   1303ms segs=1 multi=n ctx=n | command
       > pull the q3 numbers and put them in the board deck
[33] E01   1251ms segs=1 multi=n ctx=n | command
       > do that for the other one too
[34] E02   1286ms segs=1 multi=n ctx=n | conversation
       > same as last week but tuesday
[35] E03   1247ms segs=1 multi=n ctx=n | unknown
       > actually make it 4pm instead
[36] E04   1858ms segs=3 multi=Y ctx=n | unknown | task_request* | unknown*
       > yeah do that one as well and the thing after it
       > yeah do that one as well
       > and the thing after it
[37] F01   2141ms segs=4 multi=Y ctx=Y | conversation* | task_request* | fast_path_query* | task_request*
       > remind me to reply to john who asked can you send the report and book a room for the offsite
       > reply to john
       > can you send the report
       > book a room for the offsite
[38] F02   2041ms segs=4 multi=n ctx=n | conversation | fast_path_query | conversation | conversation
       > save this for my records:
       > Your verification code is 448192.
       > Do not share this code.
       > Reply STOP to opt out.
[39] F03   1832ms segs=2 multi=Y ctx=Y | conversation* | task_request
       > everyone on the team keeps adding tasks to the board and half of them are duplicates, its getting messy
       > do you have a way to fix this?
[40] F04   1576ms segs=2 multi=Y ctx=n | task_request | capture_note
       > pick up the cake and call the caterer before saturday
       > just filing this, dont do anything with it
---- SUMMARY (C) ----
total wall: 64.37 s over 40 items
refusals: 0  errors: 0
latency ms: mean 1609  p50 1609  p90 2040  p95 2113  min 1218  max 2141  first 1725
wrote run-C-v2.jsonl
DONE
